=== System Performance Report ===
Generated on: Sat Oct 18 01:10:40 AM UTC 2025

=== System Information ===
Linux Mimaquin 6.14.0-32-generic #32~24.04.1-Ubuntu SMP PREEMPT_DYNAMIC Tue Sep  2 14:21:04 UTC 2 x86_64 x86_64 x86_64 GNU/Linux

=== CPU Information ===
Architecture:                            x86_64
CPU op-mode(s):                          32-bit, 64-bit
Address sizes:                           39 bits physical, 48 bits virtual
Byte Order:                              Little Endian
CPU(s):                                  1
On-line CPU(s) list:                     0
Vendor ID:                               GenuineIntel
Model name:                              11th Gen Intel(R) Core(TM) i7-11370H @ 3.30GHz
BIOS Model name:                           CPU @ 0.0GHz
BIOS CPU family:                         0

=== Memory Usage ===
               total        used        free      shared  buff/cache   available
Mem:           3.2Gi       1.3Gi        90Mi        37Mi       2.0Gi       1.9Gi
Swap:             0B          0B          0B

=== Disk Usage ===
Filesystem      Size  Used Avail Use% Mounted on
tmpfs           327M  1.6M  325M   1% /run
/dev/sda2        25G  8.8G   15G  38% /
tmpfs           1.6G     0  1.6G   0% /dev/shm
tmpfs           5.0M  8.0K  5.0M   1% /run/lock
tmpfs           327M  136K  327M   1% /run/user/1000
/dev/sr0         51M   51M     0 100% /media/vboxuser/VBox_GAs_7.2.0

=== Load Average ===
 01:10:40 up  1:31,  1 user,  load average: 0.07, 0.20, 0.19

=== Top 10 CPU Processes ===
USER         PID %CPU %MEM    VSZ   RSS TTY      STAT START   TIME COMMAND
vboxuser    2071  2.0 13.8 3617400 463208 ?      Ssl  Oct17   1:48 /usr/bin/gnome-shell
vboxuser    7294  0.4 10.3 1282212 344860 ?      Sl   Oct17   0:20 /usr/bin/nautilus --gapplication-service
root         579  0.4  1.2 1857896 42536 ?       Ssl  Oct17   0:24 /usr/lib/snapd/snapd
root       10348  0.2  0.0      0     0 ?        I    01:00   0:01 [kworker/u4:3-events_power_efficient]
vboxuser    7665  0.2  1.8 705944 61368 ?        Ssl  00:01   0:08 /usr/libexec/gnome-terminal-server
root           1  0.1  0.4  23524 14592 ?        Ss   Oct17   0:09 /sbin/init splash
root        9048  0.1  0.0      0     0 ?        I    00:31   0:03 [kworker/u4:1-flush-8:0]
root        1227  0.1  0.0 355648  2720 ?        Sl   Oct17   0:06 /usr/bin/VBoxDRMClient
root        6131  0.0  0.0      0     0 ?        I    Oct17   0:04 [kworker/u4:5-events_unbound]
root          46  0.0  0.0      0     0 ?        I<   Oct17   0:04 [kworker/0:1H-kblockd]

=== Top 10 Memory Processes ===
USER         PID %CPU %MEM    VSZ   RSS TTY      STAT START   TIME COMMAND
vboxuser    2071  2.0 13.8 3617400 463208 ?      Ssl  Oct17   1:48 /usr/bin/gnome-shell
vboxuser    7294  0.4 10.3 1282212 344860 ?      Sl   Oct17   0:20 /usr/bin/nautilus --gapplication-service
vboxuser    2792  0.0  3.0 823032 101624 ?       Sl   Oct17   0:00 /usr/libexec/mutter-x11-frames
vboxuser    2683  0.0  2.4 640828 83468 ?        Ssl  Oct17   0:00 /usr/libexec/gsd-xsettings
vboxuser    2434  0.0  2.1 260600 71672 ?        S    Oct17   0:00 /usr/bin/Xwayland :0 -rootless -noreset -accessx -core -auth /run/user/1000/.mutter-Xwaylandauth.KO32D3 -listenfd 4 -listenfd 5 -displayfd 6 -initfd 7 -byteswappedclients
vboxuser    9267  0.0  1.8 2807276 61808 ?       Sl   00:45   0:00 gjs /usr/share/gnome-shell/extensions/ding@rastersoft.com/app/ding.js -E -P /usr/share/gnome-shell/extensions/ding@rastersoft.com/app
vboxuser    7665  0.2  1.8 705944 61368 ?        Ssl  00:01   0:08 /usr/libexec/gnome-terminal-server
vboxuser    2229  0.0  1.8 823692 60372 ?        Sl   Oct17   0:00 /usr/libexec/evolution-data-server/evolution-alarm-notify
vboxuser    2178  0.0  1.2 813932 43380 ?        Ssl  Oct17   0:00 /usr/libexec/evolution-source-registry
root        7169  0.0  1.2 596364 42740 ?        Ssl  Oct17   0:01 /usr/libexec/fwupd/fwupd
